// Jest Snapshot v1, https://goo.gl/fbAQLP

exports[`RustCrypto importing and exporting room keys should import and export keys 1`] = `
{
  "algorithm": "m.megolm.v1.aes-sha2",
  "forwarding_curve25519_key_chain": [],
  "org.matrix.msc3061.shared_history": false,
  "room_id": "!room:id",
  "sender_claimed_keys": {
    "ed25519": "QdgHgdpDgihgovpPzUiThXur1fbErTFh7paFvNKSgN0",
  },
  "sender_key": "WimPd2udAU/1S/+YBpPbmr9L+0H5H+BnAVHSwDxlPGc",
  "session_id": "FYOoKQSwe4d9jhTZ/LQCZFJINjPEqZ7Or4Z08reP92M",
  "session_key": "AQAAAABZ0jXQOprFfXe41tIFmAtHxflJp4O2hM/vzQQpOazOCFeWSoW5P3Z9Q+voU3eXehMwyP8/hm/Q8xLP6/PmJdy+71se/17kdFwcDGgLxBWfa4ODM9zlI4EjKbNqmiii5loJ7rBhA/XXaw80m0hfU6zTDX/KrO55J0Pt4vJ0LDa3LBWDqCkEsHuHfY4U2fy0AmRSSDYzxKmezq+GdPK3j/dj",
}
`;

exports[`RustCrypto importing and exporting room keys should import and export keys as JSON 1`] = `
{
  "algorithm": "m.megolm.v1.aes-sha2",
  "forwarding_curve25519_key_chain": [],
  "org.matrix.msc3061.shared_history": false,
  "room_id": "!room:id",
  "sender_claimed_keys": {
    "ed25519": "QdgHgdpDgihgovpPzUiThXur1fbErTFh7paFvNKSgN0",
  },
  "sender_key": "WimPd2udAU/1S/+YBpPbmr9L+0H5H+BnAVHSwDxlPGc",
  "session_id": "FYOoKQSwe4d9jhTZ/LQCZFJINjPEqZ7Or4Z08reP92M",
  "session_key": "AQAAAABZ0jXQOprFfXe41tIFmAtHxflJp4O2hM/vzQQpOazOCFeWSoW5P3Z9Q+voU3eXehMwyP8/hm/Q8xLP6/PmJdy+71se/17kdFwcDGgLxBWfa4ODM9zlI4EjKbNqmiii5loJ7rBhA/XXaw80m0hfU6zTDX/KrO55J0Pt4vJ0LDa3LBWDqCkEsHuHfY4U2fy0AmRSSDYzxKmezq+GdPK3j/dj",
}
`;
